// Jest Snapshot v1, https://goo.gl/fbAQLP

exports[`Content should render correctly 1`] = `
<div>
  <main
    class="prefix-layout-content"
  />
</div>
`;
