// Jest Snapshot v1, https://goo.gl/fbAQLP

exports[`PageExample should render correctly 1`] = `
<div>
  <div>
    <form>
      <input
        type="text"
      />
    </form>
    <button>
      test
    </button>
  </div>
</div>
`;
